* using log directory 'C:/Users/abell/OneDrive/Documents/Anna_paper3/R package/wnpmle.Rcheck'
* using R version 4.4.1 (2024-06-14 ucrt)
* using platform: x86_64-w64-mingw32
* R was compiled by
    gcc.exe (GCC) 13.2.0
    GNU Fortran (GCC) 13.2.0
* running under: Windows 11 x64 (build 26200)
* using session charset: UTF-8
* checking for file 'wnpmle/DESCRIPTION' ... OK
* this is package 'wnpmle' version '0.1.0'
* package encoding: UTF-8
* checking package namespace information ... OK
* checking package dependencies ... OK
* checking if this is a source package ... OK
* checking if there is a namespace ... OK
* checking for executable files ... OK
* checking for hidden files and directories ... OK
* checking for portable file names ... OK
* checking whether package 'wnpmle' can be installed ... ERROR
Installation failed.
See 'C:/Users/abell/OneDrive/Documents/Anna_paper3/R package/wnpmle.Rcheck/00install.out' for details.
* DONE
Status: 1 ERROR
